Errors when parsing:
	Expected next token to be ), got EOF instead
